[   25246ms] [ERROR] Failed to load resource: the server responded with a status of 400 () @ https://ecoauth.entechai.ru/api/experience/verification/sign-in-passkey/authentication:0
[   33412ms] [ERROR] Access to fetch at 'https://ecoauth.entechai.ru/oidc/session/end?post_logout_redirect_uri=https%3A%2F%2Flms.entechai.ru%2Flogin&id_token_hint=eyJhbGciOiJFUzM4NCIsInR5cCI6IkpXVCIsImtpZCI6ImhFR3htYmxCYlVtcDFnVThRZ3paVXJ0MkpoUzdNVHNoc1FDc3phU01kMW8ifQ.eyJzdWIiOiJ2ZmkxeHI5YmE3Z3QiLCJuYW1lIjoiUm9tYW4gR2FsZWV2IiwicGljdHVyZSI6bnVsbCwidXBkYXRlZF9hdCI6MTc4MDM5NzA0OTE1NywidXNlcm5hbWUiOiJyaWdhbGVldiIsImNyZWF0ZWRfYXQiOjE3Nzk5NjcxNjYyOTksImVtYWlsIjoici5pLmdhbGVldkBnbWFpbC5jb20iLCJlbWFpbF92ZXJpZmllZCI6dHJ1ZSwicm9sZXMiOlsibW9uaXRvcmluZ191c2VyIiwibG1zX2FkbWluIiwidXNlciIsImRlZmF1bHQ6YWRtaW4iLCJjcm1fYWRtaW4iLCJsZWFkX2FkbWluIiwiZWNvaHViX3VzZXIiXSwibm9uY2UiOiJJd0p2MTVEd1VERjdPSXliVFc1VDMwSmR1QTJTMWpXbyIsImF0X2hhc2giOiJSb3pBUW8xWG9FcDkyZi1OQkxLVnNPWGxvQ2NvbHA5eSIsImF1ZCI6Im9lbzB2bWN2Nm5iamdlMXpjNmp4ciIsImV4cCI6MTc4MDQwMDY1MCwiaWF0IjoxNzgwMzk3MDUwLCJpc3MiOiJodHRwczovL2Vjb2F1dGguZW50ZWNoYWkucnUvb2lkYyJ9.8AnxgHdblHJuZN9ygdnJgqkgaQW7x8Dupbp6NNHEg12Jdh_517dMfHS341gXvUXN-NtnMxAaognuo7VRx4JkaW2i5dLHNzCuPop5Eti6ufH6PC9gIfTYKwvs9I82fC_p' (redirected from 'https://lms.entechai.ru/api/auth/logout?_rsc=1r34m') from origin 'https://lms.entechai.ru' has been blocked by CORS policy: Response to preflight request doesn't pass access control check: No 'Access-Control-Allow-Origin' header is present on the requested resource. @ https://lms.entechai.ru/:0
[   33412ms] [ERROR] Failed to load resource: net::ERR_FAILED @ https://ecoauth.entechai.ru/oidc/session/end?post_logout_redirect_uri=https%3A%2F%2Flms.entechai.ru%2Flogin&id_token_hint=eyJhbGciOiJFUzM4NCIsInR5cCI6IkpXVCIsImtpZCI6ImhFR3htYmxCYlVtcDFnVThRZ3paVXJ0MkpoUzdNVHNoc1FDc3phU01kMW8ifQ.eyJzdWIiOiJ2ZmkxeHI5YmE3Z3QiLCJuYW1lIjoiUm9tYW4gR2FsZWV2IiwicGljdHVyZSI6bnVsbCwidXBkYXRlZF9hdCI6MTc4MDM5NzA0OTE1NywidXNlcm5hbWUiOiJyaWdhbGVldiIsImNyZWF0ZWRfYXQiOjE3Nzk5NjcxNjYyOTksImVtYWlsIjoici5pLmdhbGVldkBnbWFpbC5jb20iLCJlbWFpbF92ZXJpZmllZCI6dHJ1ZSwicm9sZXMiOlsibW9uaXRvcmluZ191c2VyIiwibG1zX2FkbWluIiwidXNlciIsImRlZmF1bHQ6YWRtaW4iLCJjcm1fYWRtaW4iLCJsZWFkX2FkbWluIiwiZWNvaHViX3VzZXIiXSwibm9uY2UiOiJJd0p2MTVEd1VERjdPSXliVFc1VDMwSmR1QTJTMWpXbyIsImF0X2hhc2giOiJSb3pBUW8xWG9FcDkyZi1OQkxLVnNPWGxvQ2NvbHA5eSIsImF1ZCI6Im9lbzB2bWN2Nm5iamdlMXpjNmp4ciIsImV4cCI6MTc4MDQwMDY1MCwiaWF0IjoxNzgwMzk3MDUwLCJpc3MiOiJodHRwczovL2Vjb2F1dGguZW50ZWNoYWkucnUvb2lkYyJ9.8AnxgHdblHJuZN9ygdnJgqkgaQW7x8Dupbp6NNHEg12Jdh_517dMfHS341gXvUXN-NtnMxAaognuo7VRx4JkaW2i5dLHNzCuPop5Eti6ufH6PC9gIfTYKwvs9I82fC_p:0
[   33428ms] [ERROR] Failed to load resource: the server responded with a status of 401 () @ https://lms.entechai.ru/api/projects/eco-cf98e70d:0
[   33436ms] Error: Требуется вход в EcoLMS
    at $ (https://lms.entechai.ru/_next/static/chunks/09r9htirnotv4.js:1:79196)
    at async sd (https://lms.entechai.ru/_next/static/chunks/0nhcyq616gqcf.js:1:5185)
[   48265ms] [ERROR] Failed to load resource: the server responded with a status of 401 () @ https://lms.entechai.ru/api/health:0
[   63270ms] [ERROR] Failed to load resource: the server responded with a status of 401 () @ https://lms.entechai.ru/api/health:0
[   78230ms] [ERROR] Failed to load resource: the server responded with a status of 401 () @ https://lms.entechai.ru/api/health:0
[   93219ms] [ERROR] Failed to load resource: the server responded with a status of 401 () @ https://lms.entechai.ru/api/health:0
[  108224ms] [ERROR] Failed to load resource: the server responded with a status of 401 () @ https://lms.entechai.ru/api/health:0
[  123236ms] [ERROR] Failed to load resource: the server responded with a status of 401 () @ https://lms.entechai.ru/api/health:0
[  138378ms] [ERROR] Failed to load resource: the server responded with a status of 401 () @ https://lms.entechai.ru/api/health:0
[  153227ms] [ERROR] Failed to load resource: the server responded with a status of 401 () @ https://lms.entechai.ru/api/health:0
[  168230ms] [ERROR] Failed to load resource: the server responded with a status of 401 () @ https://lms.entechai.ru/api/health:0
[  183225ms] [ERROR] Failed to load resource: the server responded with a status of 401 () @ https://lms.entechai.ru/api/health:0
[  198232ms] [ERROR] Failed to load resource: the server responded with a status of 401 () @ https://lms.entechai.ru/api/health:0
[  213222ms] [ERROR] Failed to load resource: the server responded with a status of 401 () @ https://lms.entechai.ru/api/health:0
[  228227ms] [ERROR] Failed to load resource: the server responded with a status of 401 () @ https://lms.entechai.ru/api/health:0
[  243232ms] [ERROR] Failed to load resource: the server responded with a status of 401 () @ https://lms.entechai.ru/api/health:0
[  258224ms] [ERROR] Failed to load resource: the server responded with a status of 401 () @ https://lms.entechai.ru/api/health:0
