[    1079ms] [VERBOSE] [DOM] Input elements should have autocomplete attributes (suggested: "current-password"): (More info: https://goo.gl/9p2vKq) %o @ https://srv.entechai.ru/:0
[  166508ms] [ERROR] Failed to load resource: net::ERR_NAME_NOT_RESOLVED @ https://srv.entechai.ru/api/trpc/deployment.allByType?batch=1&input=%7B%220%22%3A%7B%22json%22%3A%7B%22id%22%3A%22WWtab9bfvoFDKO0cRZQto%22%2C%22type%22%3A%22application%22%7D%7D%7D:0
[  167516ms] [ERROR] Failed to load resource: net::ERR_NAME_NOT_RESOLVED @ https://srv.entechai.ru/api/trpc/deployment.allByType?batch=1&input=%7B%220%22%3A%7B%22json%22%3A%7B%22id%22%3A%22WWtab9bfvoFDKO0cRZQto%22%2C%22type%22%3A%22application%22%7D%7D%7D:0
[  169221ms] [ERROR] Failed to load resource: net::ERR_NAME_NOT_RESOLVED @ https://srv.entechai.ru/api/trpc/settings.isCloud,user.session,project.all,user.haveRootAccess,user.get,user.getPermissions,settings.getDokployVersion,organization.all,organization.active,user.getInvitations,settings.getIp,environment.byProjectId,project.one,environment.one,registry.all,application.one?batch=1&input=%7B%220%22%3A%7B%22json%22%3Anull%2C%22meta%22%3A%7B%22values%22%3A%5B%22undefined%22%5D%2C%22v%22%3A1%7D%7D%2C%221%22%3A%7B%22json%22%3Anull%2C%22meta%22%3A%7B%22values%22%3A%5B%22undefined%22%5D%2C%22v%22%3A1%7D%7D%2C%222%22%3A%7B%22json%22%3Anull%2C%22meta%22%3A%7B%22values%22%3A%5B%22undefined%22%5D%2C%22v%22%3A1%7D%7D%2C%223%22%3A%7B%22json%22%3Anull%2C%22meta%22%3A%7B%22values%22%3A%5B%22undefined%22%5D%2C%22v%22%3A1%7D%7D%2C%224%22%3A%7B%22json%22%3Anull%2C%22meta%22%3A%7B%22values%22%3A%5B%22undefined%22%5D%2C%22v%22%3A1%7D%7D%2C%225%22%3A%7B%22json%22%3Anull%2C%22meta%22%3A%7B%22values%22%3A%5B%22undefined%22%5D%2C%22v%22%3A1%7D%7D%2C%226%22%3A%7B%22json%22%3Anull%2C%22meta%22%3A%7B%22values%22%3A%5B%22undefined%22%5D%2C%22v%22%3A1%7D%7D%2C%227%22%3A%7B%22json%22%3Anull%2C%22meta%22%3A%7B%22values%22%3A%5B%22undefined%22%5D%2C%22v%22%3A1%7D%7D%2C%228%22%3A%7B%22json%22%3Anull%2C%22meta%22%3A%7B%22values%22%3A%5B%22undefined%22%5D%2C%22v%22%3A1%7D%7D%2C%229%22%3A%7B%22json%22%3Anull%2C%22meta%22%3A%7B%22values%22%3A%5B%22undefined%22%5D%2C%22v%22%3A1%7D%7D%2C%2210%22%3A%7B%22json%22%3Anull%2C%22meta%22%3A%7B%22values%22%3A%5B%22undefined%22%5D%2C%22v%22%3A1%7D%7D%2C%2211%22%3A%7B%22json%22%3A%7B%22projectId%22%3A%22WzT-m5K1_jxOOQXTvskHW%22%7D%7D%2C%2212%22%3A%7B%22json%22%3A%7B%22projectId%22%3A%22WzT-m5K1_jxOOQXTvskHW%22%7D%7D%2C%2213%22%3A%7B%22json%22%3A%7B%22environmentId%22%3A%22env_prod_WzT-m5K1_jxOOQXTvskHW_1757918536.527626%22%7D%7D%2C%2214%22%3A%7B%22json%22%3Anull%2C%22meta%22%3A%7B%22values%22%3A%5B%22undefined%22%5D%2C%22v%22%3A1%7D%7D%2C%2215%22%3A%7B%22json%22%3A%7B%22applicationId%22%3A%22WWtab9bfvoFDKO0cRZQto%22%7D%7D%7D:0
[  169522ms] [ERROR] Failed to load resource: net::ERR_NAME_NOT_RESOLVED @ https://srv.entechai.ru/api/trpc/deployment.allByType?batch=1&input=%7B%220%22%3A%7B%22json%22%3A%7B%22id%22%3A%22WWtab9bfvoFDKO0cRZQto%22%2C%22type%22%3A%22application%22%7D%7D%7D:0
[  170228ms] [ERROR] Failed to load resource: net::ERR_NAME_NOT_RESOLVED @ https://srv.entechai.ru/api/trpc/settings.isCloud,user.session,project.all,user.haveRootAccess?batch=1&input=%7B%220%22%3A%7B%22json%22%3Anull%2C%22meta%22%3A%7B%22values%22%3A%5B%22undefined%22%5D%2C%22v%22%3A1%7D%7D%2C%221%22%3A%7B%22json%22%3Anull%2C%22meta%22%3A%7B%22values%22%3A%5B%22undefined%22%5D%2C%22v%22%3A1%7D%7D%2C%222%22%3A%7B%22json%22%3Anull%2C%22meta%22%3A%7B%22values%22%3A%5B%22undefined%22%5D%2C%22v%22%3A1%7D%7D%2C%223%22%3A%7B%22json%22%3Anull%2C%22meta%22%3A%7B%22values%22%3A%5B%22undefined%22%5D%2C%22v%22%3A1%7D%7D%7D:0
[  170228ms] [ERROR] Failed to load resource: net::ERR_NAME_NOT_RESOLVED @ https://srv.entechai.ru/api/trpc/user.get,user.getPermissions,settings.getDokployVersion,organization.all,organization.active,user.getInvitations?batch=1&input=%7B%220%22%3A%7B%22json%22%3Anull%2C%22meta%22%3A%7B%22values%22%3A%5B%22undefined%22%5D%2C%22v%22%3A1%7D%7D%2C%221%22%3A%7B%22json%22%3Anull%2C%22meta%22%3A%7B%22values%22%3A%5B%22undefined%22%5D%2C%22v%22%3A1%7D%7D%2C%222%22%3A%7B%22json%22%3Anull%2C%22meta%22%3A%7B%22values%22%3A%5B%22undefined%22%5D%2C%22v%22%3A1%7D%7D%2C%223%22%3A%7B%22json%22%3Anull%2C%22meta%22%3A%7B%22values%22%3A%5B%22undefined%22%5D%2C%22v%22%3A1%7D%7D%2C%224%22%3A%7B%22json%22%3Anull%2C%22meta%22%3A%7B%22values%22%3A%5B%22undefined%22%5D%2C%22v%22%3A1%7D%7D%2C%225%22%3A%7B%22json%22%3Anull%2C%22meta%22%3A%7B%22values%22%3A%5B%22undefined%22%5D%2C%22v%22%3A1%7D%7D%7D:0
[  170228ms] [ERROR] Failed to load resource: net::ERR_NAME_NOT_RESOLVED @ https://srv.entechai.ru/api/trpc/settings.getIp,environment.byProjectId,project.one,environment.one,registry.all,application.one?batch=1&input=%7B%220%22%3A%7B%22json%22%3Anull%2C%22meta%22%3A%7B%22values%22%3A%5B%22undefined%22%5D%2C%22v%22%3A1%7D%7D%2C%221%22%3A%7B%22json%22%3A%7B%22projectId%22%3A%22WzT-m5K1_jxOOQXTvskHW%22%7D%7D%2C%222%22%3A%7B%22json%22%3A%7B%22projectId%22%3A%22WzT-m5K1_jxOOQXTvskHW%22%7D%7D%2C%223%22%3A%7B%22json%22%3A%7B%22environmentId%22%3A%22env_prod_WzT-m5K1_jxOOQXTvskHW_1757918536.527626%22%7D%7D%2C%224%22%3A%7B%22json%22%3Anull%2C%22meta%22%3A%7B%22values%22%3A%5B%22undefined%22%5D%2C%22v%22%3A1%7D%7D%2C%225%22%3A%7B%22json%22%3A%7B%22applicationId%22%3A%22WWtab9bfvoFDKO0cRZQto%22%7D%7D%7D:0
[  247998ms] Error: Minified React error #418; visit https://react.dev/errors/418?args[]=text&args[]= for the full message or use the non-minified dev environment for full errors and additional helpful warnings.
    at rX (https://lms.entechai.ru/_next/static/chunks/0-yzo6_z.dq-g.js:1:47211)
    at rY (https://lms.entechai.ru/_next/static/chunks/0-yzo6_z.dq-g.js:1:48244)
    at https://lms.entechai.ru/_next/static/chunks/0-yzo6_z.dq-g.js:1:142592
    at sh (https://lms.entechai.ru/_next/static/chunks/0-yzo6_z.dq-g.js:1:147753)
    at sd (https://lms.entechai.ru/_next/static/chunks/0-yzo6_z.dq-g.js:1:139003)
    at https://lms.entechai.ru/_next/static/chunks/0-yzo6_z.dq-g.js:1:133828
    at se (https://lms.entechai.ru/_next/static/chunks/0-yzo6_z.dq-g.js:1:133929)
    at s$ (https://lms.entechai.ru/_next/static/chunks/0-yzo6_z.dq-g.js:1:160493)
    at MessagePort.O (https://lms.entechai.ru/_next/static/chunks/0-yzo6_z.dq-g.js:1:8660)
[  391146ms] [WARNING] Select is changing from uncontrolled to controlled. Components should not switch from controlled to uncontrolled (or vice versa). Decide between using a controlled or uncontrolled value for the lifetime of the component. @ https://srv.entechai.ru/_next/static/chunks/pages/_app-d695951c12a06003.js:1
[  519661ms] Error: Minified React error #418; visit https://react.dev/errors/418?args[]=text&args[]= for the full message or use the non-minified dev environment for full errors and additional helpful warnings.
    at rX (https://lms.entechai.ru/_next/static/chunks/0-yzo6_z.dq-g.js:1:47211)
    at rY (https://lms.entechai.ru/_next/static/chunks/0-yzo6_z.dq-g.js:1:48244)
    at https://lms.entechai.ru/_next/static/chunks/0-yzo6_z.dq-g.js:1:142592
    at sh (https://lms.entechai.ru/_next/static/chunks/0-yzo6_z.dq-g.js:1:147753)
    at sd (https://lms.entechai.ru/_next/static/chunks/0-yzo6_z.dq-g.js:1:139003)
    at https://lms.entechai.ru/_next/static/chunks/0-yzo6_z.dq-g.js:1:133828
    at se (https://lms.entechai.ru/_next/static/chunks/0-yzo6_z.dq-g.js:1:133929)
    at s$ (https://lms.entechai.ru/_next/static/chunks/0-yzo6_z.dq-g.js:1:160493)
    at MessagePort.O (https://lms.entechai.ru/_next/static/chunks/0-yzo6_z.dq-g.js:1:8660)
[  552542ms] Error: Minified React error #418; visit https://react.dev/errors/418?args[]=text&args[]= for the full message or use the non-minified dev environment for full errors and additional helpful warnings.
    at rX (https://lms.entechai.ru/_next/static/chunks/0-yzo6_z.dq-g.js:1:47211)
    at rY (https://lms.entechai.ru/_next/static/chunks/0-yzo6_z.dq-g.js:1:48244)
    at https://lms.entechai.ru/_next/static/chunks/0-yzo6_z.dq-g.js:1:142592
    at sh (https://lms.entechai.ru/_next/static/chunks/0-yzo6_z.dq-g.js:1:147753)
    at sd (https://lms.entechai.ru/_next/static/chunks/0-yzo6_z.dq-g.js:1:139003)
    at https://lms.entechai.ru/_next/static/chunks/0-yzo6_z.dq-g.js:1:133828
    at se (https://lms.entechai.ru/_next/static/chunks/0-yzo6_z.dq-g.js:1:133929)
    at s$ (https://lms.entechai.ru/_next/static/chunks/0-yzo6_z.dq-g.js:1:160493)
    at MessagePort.O (https://lms.entechai.ru/_next/static/chunks/0-yzo6_z.dq-g.js:1:8660)
[  819037ms] [WARNING] Select is changing from uncontrolled to controlled. Components should not switch from controlled to uncontrolled (or vice versa). Decide between using a controlled or uncontrolled value for the lifetime of the component. @ https://srv.entechai.ru/_next/static/chunks/pages/_app-d695951c12a06003.js:1
[  887624ms] [WARNING] Select is changing from uncontrolled to controlled. Components should not switch from controlled to uncontrolled (or vice versa). Decide between using a controlled or uncontrolled value for the lifetime of the component. @ https://srv.entechai.ru/_next/static/chunks/pages/_app-d695951c12a06003.js:1
[  941328ms] Error: Minified React error #418; visit https://react.dev/errors/418?args[]=text&args[]= for the full message or use the non-minified dev environment for full errors and additional helpful warnings.
    at rX (https://lms.entechai.ru/_next/static/chunks/0-yzo6_z.dq-g.js:1:47211)
    at rY (https://lms.entechai.ru/_next/static/chunks/0-yzo6_z.dq-g.js:1:48244)
    at https://lms.entechai.ru/_next/static/chunks/0-yzo6_z.dq-g.js:1:142592
    at sh (https://lms.entechai.ru/_next/static/chunks/0-yzo6_z.dq-g.js:1:147753)
    at sd (https://lms.entechai.ru/_next/static/chunks/0-yzo6_z.dq-g.js:1:139003)
    at https://lms.entechai.ru/_next/static/chunks/0-yzo6_z.dq-g.js:1:133828
    at se (https://lms.entechai.ru/_next/static/chunks/0-yzo6_z.dq-g.js:1:133929)
    at s$ (https://lms.entechai.ru/_next/static/chunks/0-yzo6_z.dq-g.js:1:160493)
    at MessagePort.O (https://lms.entechai.ru/_next/static/chunks/0-yzo6_z.dq-g.js:1:8660)
[ 1303480ms] Error: Minified React error #418; visit https://react.dev/errors/418?args[]=text&args[]= for the full message or use the non-minified dev environment for full errors and additional helpful warnings.
    at rX (https://lms.entechai.ru/_next/static/chunks/0-yzo6_z.dq-g.js:1:47211)
    at rY (https://lms.entechai.ru/_next/static/chunks/0-yzo6_z.dq-g.js:1:48244)
    at https://lms.entechai.ru/_next/static/chunks/0-yzo6_z.dq-g.js:1:142592
    at sh (https://lms.entechai.ru/_next/static/chunks/0-yzo6_z.dq-g.js:1:147753)
    at sd (https://lms.entechai.ru/_next/static/chunks/0-yzo6_z.dq-g.js:1:139003)
    at https://lms.entechai.ru/_next/static/chunks/0-yzo6_z.dq-g.js:1:133828
    at se (https://lms.entechai.ru/_next/static/chunks/0-yzo6_z.dq-g.js:1:133929)
    at s$ (https://lms.entechai.ru/_next/static/chunks/0-yzo6_z.dq-g.js:1:160493)
    at MessagePort.O (https://lms.entechai.ru/_next/static/chunks/0-yzo6_z.dq-g.js:1:8660)
[ 1313662ms] [WARNING] Select is changing from uncontrolled to controlled. Components should not switch from controlled to uncontrolled (or vice versa). Decide between using a controlled or uncontrolled value for the lifetime of the component. @ https://srv.entechai.ru/_next/static/chunks/pages/_app-d695951c12a06003.js:1
[ 2106515ms] [LOG] WebSocket closed:  @ https://srv.entechai.ru/_next/static/chunks/8796.6ec9e16f53eeb971.js:0
[ 2532005ms] Error: Minified React error #418; visit https://react.dev/errors/418?args[]=text&args[]= for the full message or use the non-minified dev environment for full errors and additional helpful warnings.
    at rX (https://lms.entechai.ru/_next/static/chunks/0-yzo6_z.dq-g.js:1:47211)
    at rY (https://lms.entechai.ru/_next/static/chunks/0-yzo6_z.dq-g.js:1:48244)
    at https://lms.entechai.ru/_next/static/chunks/0-yzo6_z.dq-g.js:1:142592
    at sh (https://lms.entechai.ru/_next/static/chunks/0-yzo6_z.dq-g.js:1:147753)
    at sd (https://lms.entechai.ru/_next/static/chunks/0-yzo6_z.dq-g.js:1:139003)
    at https://lms.entechai.ru/_next/static/chunks/0-yzo6_z.dq-g.js:1:133828
    at se (https://lms.entechai.ru/_next/static/chunks/0-yzo6_z.dq-g.js:1:133929)
    at s$ (https://lms.entechai.ru/_next/static/chunks/0-yzo6_z.dq-g.js:1:160493)
    at MessagePort.O (https://lms.entechai.ru/_next/static/chunks/0-yzo6_z.dq-g.js:1:8660)
[ 2569144ms] [WARNING] Select is changing from uncontrolled to controlled. Components should not switch from controlled to uncontrolled (or vice versa). Decide between using a controlled or uncontrolled value for the lifetime of the component. @ https://srv.entechai.ru/_next/static/chunks/pages/_app-d695951c12a06003.js:1
[ 2842821ms] [WARNING] Select is changing from uncontrolled to controlled. Components should not switch from controlled to uncontrolled (or vice versa). Decide between using a controlled or uncontrolled value for the lifetime of the component. @ https://srv.entechai.ru/_next/static/chunks/pages/_app-d695951c12a06003.js:1
[ 2865150ms] [WARNING] Select is changing from uncontrolled to controlled. Components should not switch from controlled to uncontrolled (or vice versa). Decide between using a controlled or uncontrolled value for the lifetime of the component. @ https://srv.entechai.ru/_next/static/chunks/pages/_app-d695951c12a06003.js:1
[ 2870940ms] [WARNING] Select is changing from uncontrolled to controlled. Components should not switch from controlled to uncontrolled (or vice versa). Decide between using a controlled or uncontrolled value for the lifetime of the component. @ https://srv.entechai.ru/_next/static/chunks/pages/_app-d695951c12a06003.js:1
[ 2878241ms] [WARNING] Select is changing from uncontrolled to controlled. Components should not switch from controlled to uncontrolled (or vice versa). Decide between using a controlled or uncontrolled value for the lifetime of the component. @ https://srv.entechai.ru/_next/static/chunks/pages/_app-d695951c12a06003.js:1
[ 2887704ms] [WARNING] Select is changing from uncontrolled to controlled. Components should not switch from controlled to uncontrolled (or vice versa). Decide between using a controlled or uncontrolled value for the lifetime of the component. @ https://srv.entechai.ru/_next/static/chunks/pages/_app-d695951c12a06003.js:1
